// Jest Snapshot v1, https://goo.gl/fbAQLP

exports[`About snapshot can match a snapshot 1`] = `
Array [
  <p>
    My Blog
  </p>,
  <nav
    className="Header"
  >
    <span>
      <a
        href="/"
        onClick={[Function]}
      >
        Home
      </a>
    </span>
    <span>
      <a
        href="/login"
        onClick={[Function]}
      >
        Login
      </a>
    </span>
    <span>
      <a
        href="/posts"
        onClick={[Function]}
      >
        Posts
      </a>
    </span>
    <span>
      <a
        href="/about"
        onClick={[Function]}
      >
        About
      </a>
    </span>
  </nav>,
  <section
    className="About"
    id="carmen"
  >
    <h3>
      About CARMEN
    </h3>
    <div>
      <p>
         
        <img
          src="https://upload.wikimedia.org/wikipedia/commons/thumb/f/f1/Heart_coraz%C3%B3n.svg/1200px-Heart_coraz%C3%B3n.svg.png"
        />
        Mother,  student,  software developer, food and nutrition enthusiast.
      </p>
      <p>
         
        <img
          src="https://upload.wikimedia.org/wikipedia/commons/thumb/f/f1/Heart_coraz%C3%B3n.svg/1200px-Heart_coraz%C3%B3n.svg.png"
        />
        Health philosophy lines up with Hippocrates: Let food be thy medicine and medicine your food. 
      </p>
      <p>
         
        <img
          src="https://upload.wikimedia.org/wikipedia/commons/thumb/f/f1/Heart_coraz%C3%B3n.svg/1200px-Heart_coraz%C3%B3n.svg.png"
        />
        Loves and passionate about REAL food! 
      </p>
      <p>
         
        <img
          src="https://upload.wikimedia.org/wikipedia/commons/thumb/f/f1/Heart_coraz%C3%B3n.svg/1200px-Heart_coraz%C3%B3n.svg.png"
        />
        Enjoys drying fruits and vegetables (kale chips are her favorite)!
      </p>
      <p>
         
        <img
          src="https://upload.wikimedia.org/wikipedia/commons/thumb/f/f1/Heart_coraz%C3%B3n.svg/1200px-Heart_coraz%C3%B3n.svg.png"
        />
        Concocts health bars from raw nuts, seeds, cacao powder and dates.
      </p>
    </div>
  </section>,
  <p
    className="Footer"
  >
    Carmen Health Blog Copyright 2019
  </p>,
]
`;
