// Jest Snapshot v1, https://goo.gl/fbAQLP

exports[`About snapshot can match a snapshot 1`] = `
Array [
  <p>
    My Blog
  </p>,
  <nav>
    <span>
      <a
        href="/"
        onClick={[Function]}
      >
        Home
      </a>
    </span>
    <span>
      <a
        href="/login"
        onClick={[Function]}
      >
        Login
      </a>
    </span>
    <span>
      <a
        href="/posts"
        onClick={[Function]}
      >
        Posts
      </a>
    </span>
    <span>
      <a
        href="/about"
        onClick={[Function]}
      >
        About
      </a>
    </span>
  </nav>,
  <section>
    <h3>
      About CARMEN
    </h3>
    <div>
      <p>
        Mother,  student,  software developer, food and nutrition enthusiast.
      </p>
      <p>
        My philosophy lines up with that of Hippocrates, the Father of Medicine: Let food be thy medicine and medicine your food. 
      </p>
      <p>
        I love food! I enjoy drying fruits and vegetables (kale chips are my favorite) and making health bars from raw nuts, seeds, cacao powder and dates.
      </p>
    </div>
  </section>,
  <p>
    Copyright 2019
  </p>,
]
`;
