// Jest Snapshot v1, https://goo.gl/fbAQLP

exports[`Chirp component matches a snapshot 1`] = `
<article
  className="sc-jzJRlG dFsfHb"
>
  <header
    className="sc-chPdSV iJfIXb"
  >
    <img
      alt="Kaiya"
      className="sc-jTzLTM fkBueS"
      src="http://cdn.onlinewebfonts.com/svg/img_191958.png"
    />
    <h2
      className="sc-cSHVUG eRmrdv"
    >
      Kaiya
       
      <span
        className="sc-fjdhpX FzRiJ"
      >
        @ladybeard
      </span>
    </h2>
  </header>
  <p
    className="sc-gqjmRU sc-kAzzGY ctCWvU"
  >
    chirp chirp chirp
  </p>
</article>
`;
