// Jest Snapshot v1, https://goo.gl/fbAQLP

exports[`CreateTweetForm component matches a snapshot 1`] = `
<section>
  <form
    className="sc-bxivhb dBAuwS"
  >
    <input
      className="sc-EHOje iUmBVY"
      name="text"
      readOnly={true}
      type="text"
    />
    <button
      className="sc-bZQynM duCUaL"
    >
      Chirp
    </button>
  </form>
</section>
`;
