// Jest Snapshot v1, https://goo.gl/fbAQLP

exports[`CreateChirpForm component matches a snapshot 1`] = `
<section>
  <form
    className="sc-ifAKCX sc-cSHVUG fNbhQM"
  >
    <label
      className="sc-EHOje vChbq"
      htmlFor="newChirpText"
    >
      Name
    </label>
    <input
      className="sc-bZQynM sc-kAzzGY ceUQzO"
      id="newChirpText"
      name="newChirpText"
      readOnly={true}
      type="text"
    />
    <label
      className="sc-EHOje vChbq"
      htmlFor="newChirp"
    />
    <button
      className="sc-gzVnrw sc-chPdSV hiOKy"
      id="newChirp"
    >
      Post
    </button>
  </form>
</section>
`;
