// Jest Snapshot v1, https://goo.gl/fbAQLP

exports[`CreateTweetForm component matches a snapshot 1`] = `
<section>
  <form
    className="sc-ifAKCX sc-chPdSV ciquKg"
  >
    <label
      className="sc-EHOje kYkHpN"
      htmlFor="newChirpText"
    >
      Name
    </label>
    <input
      className="sc-bZQynM sc-kgoBCf gSXxbD"
      id="newChirpText"
      name="newChirpText"
      readOnly={true}
      type="text"
    />
    <label
      className="sc-EHOje kYkHpN"
      htmlFor="newChirp"
    />
    <button
      className="sc-gzVnrw sc-kGXeez gwOBrv"
      id="newChirp"
    >
      Chirp
    </button>
  </form>
</section>
`;
