// Jest Snapshot v1, https://goo.gl/fbAQLP

exports[`Header displays the header 1`] = `
<header>
  <nav>
    <a
      href="/toptweets"
      onClick={[Function]}
    >
      Top Tweets
    </a>
    <a
      href="/register"
      onClick={[Function]}
    >
      SignUp/In
    </a>
    <a
      href="/"
      onClick={[Function]}
    >
      <img
        alt="user profile picture"
        src="https://cdn.shopify.com/s/files/1/1061/1924/products/Thinking_Face_Emoji_large.png?v=1480481060"
      />
    </a>
  </nav>
</header>
`;
