// Jest Snapshot v1, https://goo.gl/fbAQLP

exports[`Home component matches a snapshot 1`] = `
Array [
  <nav
    className="sc-ckVGcZ cSqQkL"
  >
    <ul
      className="sc-jKJlTe cykEnT"
    >
      <a
        className="sc-bdVaJa cVFclJ"
        href="/home"
        onClick={[Function]}
      >
        <li
          className="sc-gZMcBi sc-hMqMXs jqmRfg"
        >
          Chirp
        </li>
      </a>
      <a
        className="sc-bdVaJa cVFclJ"
        href="/home"
        onClick={[Function]}
      >
        <li
          className="sc-gZMcBi sc-eNQAEJ laIvQR"
        >
          Home
        </li>
      </a>
      <a
        className="sc-bdVaJa cVFclJ"
        href="/profile"
        onClick={[Function]}
      >
        <li
          className="sc-gZMcBi sc-eNQAEJ laIvQR"
        >
          Profile
        </li>
      </a>
    </ul>
    <a
      className="sc-bdVaJa cVFclJ"
      href="/profile"
      onClick={[Function]}
    >
      <img
        className="sc-kEYyzF iLSoUb"
        src="http://capepremierrealty.com/wp-content/uploads/2018/11/generic-profile-icon-7.jpg.png"
      />
    </a>
    <form
      className="sc-ifAKCX sc-kgoBCf hauRHd"
    >
      <label
        className="sc-dxgOiQ egCJwJ"
        htmlFor="search"
      >
        Search
      </label>
      <input
        className="sc-bZQynM sc-kGXeez dLZXMm"
        id="search"
        readOnly={true}
        type="text"
        value=""
      />
      <label
        className="sc-dxgOiQ egCJwJ"
        htmlFor="searchButton"
      />
      <button
        className="sc-gzVnrw sc-kpOJdX bRFsMn"
        id="searchButton"
      >
        Search
      </button>
    </form>
  </nav>,
  <main
    className="sc-bxivhb jHTRIX"
  >
    <aside
      className="sc-chPdSV ecAaUG"
    >
      <img
        className="sc-gqjmRU hTssrt"
        name="profileImage"
        src="http://capepremierrealty.com/wp-content/uploads/2018/11/generic-profile-icon-7.jpg.png"
      />
      <h2>
        Kaiya
         
        <span
          className="sc-jTzLTM bxQZkh"
        >
          @ladybeard
        </span>
      </h2>
      <p
        className="sc-fjdhpX eUAEJX"
      >
        Fullstack MERN Developer / Animal Lover / Hiker
      </p>
      <p
        className="sc-fjdhpX eUAEJX"
      >
        Portland, OR
      </p>
    </aside>
    <section
      className="sc-cSHVUG jxaPmy"
    >
      <section>
        <ul
          className="sc-iwsKbI jzeEWW"
        >
          <li>
            <article
              className="sc-kAzzGY bSaNbd"
            >
              <header>
                <img
                  className="sc-gqjmRU hTssrt"
                  src="http://cdn.onlinewebfonts.com/svg/img_191958.png"
                />
                <h2>
                  Ray
                   
                  <span
                    className="sc-jTzLTM bxQZkh"
                  >
                    @stingraymond
                  </span>
                </h2>
              </header>
              <p
                className="sc-jzJRlG fefLBr"
              >
                tweet tweet tweet
              </p>
            </article>
          </li>
          <li>
            <article
              className="sc-kAzzGY bSaNbd"
            >
              <header>
                <img
                  className="sc-gqjmRU hTssrt"
                  src="http://cdn.onlinewebfonts.com/svg/img_191958.png"
                />
                <h2>
                  Kaiya
                   
                  <span
                    className="sc-jTzLTM bxQZkh"
                  >
                    @ladybeard
                  </span>
                </h2>
              </header>
              <p
                className="sc-jzJRlG fefLBr"
              >
                tweet tweet tweet
              </p>
            </article>
          </li>
          <li>
            <article
              className="sc-kAzzGY bSaNbd"
            >
              <header>
                <img
                  className="sc-gqjmRU hTssrt"
                  src="http://cdn.onlinewebfonts.com/svg/img_191958.png"
                />
                <h2>
                  Randy
                   
                  <span
                    className="sc-jTzLTM bxQZkh"
                  >
                    @randyroute
                  </span>
                </h2>
              </header>
              <p
                className="sc-jzJRlG fefLBr"
              >
                tweet tweet tweet
              </p>
            </article>
          </li>
          <li>
            <article
              className="sc-kAzzGY bSaNbd"
            >
              <header>
                <img
                  className="sc-gqjmRU hTssrt"
                  src="http://cdn.onlinewebfonts.com/svg/img_191958.png"
                />
                <h2>
                  Ray
                   
                  <span
                    className="sc-jTzLTM bxQZkh"
                  >
                    @stingraymond
                  </span>
                </h2>
              </header>
              <p
                className="sc-jzJRlG fefLBr"
              >
                tweet tweet tweet
              </p>
            </article>
          </li>
          <li>
            <article
              className="sc-kAzzGY bSaNbd"
            >
              <header>
                <img
                  className="sc-gqjmRU hTssrt"
                  src="http://cdn.onlinewebfonts.com/svg/img_191958.png"
                />
                <h2>
                  Kaiya
                   
                  <span
                    className="sc-jTzLTM bxQZkh"
                  >
                    @ladybeard
                  </span>
                </h2>
              </header>
              <p
                className="sc-jzJRlG fefLBr"
              >
                tweet tweet tweet
              </p>
            </article>
          </li>
          <li>
            <article
              className="sc-kAzzGY bSaNbd"
            >
              <header>
                <img
                  className="sc-gqjmRU hTssrt"
                  src="http://cdn.onlinewebfonts.com/svg/img_191958.png"
                />
                <h2>
                  Randy
                   
                  <span
                    className="sc-jTzLTM bxQZkh"
                  >
                    @randyroute
                  </span>
                </h2>
              </header>
              <p
                className="sc-jzJRlG fefLBr"
              >
                tweet tweet tweet
              </p>
            </article>
          </li>
        </ul>
      </section>
    </section>
  </main>,
]
`;
