// Jest Snapshot v1, https://goo.gl/fbAQLP

exports[`Home component matches a snapshot 1`] = `
Array [
  <header
    className="sc-bwzfXH ikzJqp"
  >
    <h1>
      Chirp
    </h1>
  </header>,
  <nav
    className="sc-dnqmqq sc-iwsKbI gUAlru"
  >
    <ul
      className="sc-gZMcBi cwXRZz"
    >
      <a
        className="sc-bdVaJa cVFclJ"
        href="/home"
        onClick={[Function]}
      >
        <li
          className="sc-gqjmRU fMjxHK"
        >
          Home
        </li>
      </a>
      <a
        className="sc-bdVaJa cVFclJ"
        href="/profile"
        onClick={[Function]}
      >
        <li
          className="sc-gqjmRU fMjxHK"
        >
          Profile
        </li>
      </a>
      <a
        className="sc-bdVaJa cVFclJ"
        href="/followers"
        onClick={[Function]}
      >
        <li
          className="sc-gqjmRU fMjxHK"
        >
          Followers
        </li>
      </a>
    </ul>
    <form
      className="sc-bxivhb sc-EHOje hZYZKW"
    >
      <label
        className="sc-ifAKCX hrWLvt"
        htmlFor="search"
      >
        Search
      </label>
      <input
        className="sc-bZQynM dqSVUO"
        id="search"
        readOnly={true}
        type="text"
        value=""
      />
      <label
        className="sc-ifAKCX hrWLvt"
        htmlFor="searchButton"
      />
      <button
        className="sc-gzVnrw ccvAWg"
        id="searchButton"
      >
        Search Chirp
      </button>
    </form>
  </nav>,
  <main
    className="sc-htpNat jrSCQS"
  >
    <aside
      className="sc-VigVT bGQLkE"
    >
      <img
        className="sc-fjdhpX dbHkHM"
        name="bannerImage"
        src="https://upload.wikimedia.org/wikipedia/commons/b/bc/Saddle_tor_to_Hey_tor_pano.jpg"
      />
      <img
        className="sc-jTzLTM fkBueS"
        name="profileImage"
        src="http://capepremierrealty.com/wp-content/uploads/2018/11/generic-profile-icon-7.jpg.png"
      />
      <h2>
        Kaiya
         
        <span
          className="sc-cSHVUG crXluK"
        >
          @ladybeard
        </span>
      </h2>
      <p
        className="sc-kAzzGY sc-chPdSV dLxFcj"
      >
        Fullstack MERN Developer / Animal Lover / Hiker
      </p>
      <p
        className="sc-kAzzGY sc-chPdSV dLxFcj"
      >
        Portland, OR
      </p>
    </aside>
    <section
      className="sc-kGXeez jFjSmc"
    >
      <section>
        <ul
          className="sc-gZMcBi cwXRZz"
        >
          <li>
            <article
              className="sc-kpOJdX dvXSoz"
            >
              <header>
                <img
                  className="sc-jTzLTM fkBueS"
                  src="http://cdn.onlinewebfonts.com/svg/img_191958.png"
                />
                <h2>
                  Ray
                   
                  <span
                    className="sc-cSHVUG crXluK"
                  >
                    @stingraymond
                  </span>
                </h2>
              </header>
              <p
                className="sc-kgoBCf HaKVQ"
              >
                tweet tweet tweet
              </p>
            </article>
          </li>
          <li>
            <article
              className="sc-kpOJdX dvXSoz"
            >
              <header>
                <img
                  className="sc-jTzLTM fkBueS"
                  src="http://cdn.onlinewebfonts.com/svg/img_191958.png"
                />
                <h2>
                  Kaiya
                   
                  <span
                    className="sc-cSHVUG crXluK"
                  >
                    @ladybeard
                  </span>
                </h2>
              </header>
              <p
                className="sc-kgoBCf HaKVQ"
              >
                tweet tweet tweet
              </p>
            </article>
          </li>
          <li>
            <article
              className="sc-kpOJdX dvXSoz"
            >
              <header>
                <img
                  className="sc-jTzLTM fkBueS"
                  src="http://cdn.onlinewebfonts.com/svg/img_191958.png"
                />
                <h2>
                  Randy
                   
                  <span
                    className="sc-cSHVUG crXluK"
                  >
                    @randyroute
                  </span>
                </h2>
              </header>
              <p
                className="sc-kgoBCf HaKVQ"
              >
                tweet tweet tweet
              </p>
            </article>
          </li>
        </ul>
      </section>
    </section>
  </main>,
]
`;
