// Jest Snapshot v1, https://goo.gl/fbAQLP

exports[`Nav component matches a snapshot 1`] = `
<nav
  className="sc-jKJlTe sc-eNQAEJ cvuLCG"
>
  <ul
    className="sc-hMqMXs cpSUjM"
  >
    <a
      className="sc-bdVaJa cVFclJ"
      href="/home"
      onClick={[Function]}
    >
      <li
        className="sc-gZMcBi sc-kkGfuU htYVvr"
      >
        Chirp
      </li>
    </a>
    <a
      className="sc-bdVaJa cVFclJ"
      href="/home"
      onClick={[Function]}
    >
      <li
        className="sc-gZMcBi sc-kEYyzF kALsIh"
      >
        Home
      </li>
    </a>
    <a
      className="sc-bdVaJa cVFclJ"
      href="/profile"
      onClick={[Function]}
    >
      <li
        className="sc-gZMcBi sc-kEYyzF kALsIh"
      >
        Profile
      </li>
    </a>
  </ul>
  <form
    className="sc-ifAKCX sc-kGXeez dzJOyJ"
  >
    <label
      className="sc-ckVGcZ bmXmTd"
      htmlFor="search"
    >
      Search
    </label>
    <input
      className="sc-bZQynM sc-kpOJdX ddicPd"
      id="search"
      readOnly={true}
      type="text"
      value=""
    />
    <label
      className="sc-ckVGcZ bmXmTd"
      htmlFor="searchButton"
    />
    <button
      className="sc-gzVnrw sc-dxgOiQ kNomgF"
      id="searchButton"
    >
      Search
    </button>
  </form>
</nav>
`;
