// Jest Snapshot v1, https://goo.gl/fbAQLP

exports[`Navigation matches a snapshot 1`] = `
<nav
  className="nav"
>
  <ul>
    <a
      href="/home"
      onClick={[Function]}
    >
      <li>
        Home
      </li>
    </a>
    <a
      href="/profile"
      onClick={[Function]}
    >
      <li>
        Profile
      </li>
    </a>
    <a
      href="/twitter"
      onClick={[Function]}
    >
      <li>
        My Twitter Page
      </li>
    </a>
  </ul>
</nav>
`;
