// Jest Snapshot v1, https://goo.gl/fbAQLP

exports[`Profile component matches a snapshot 1`] = `
Array [
  <nav
    className="sc-eNQAEJ itYCrZ"
  >
    <ul
      className="sc-hMqMXs cpSUjM"
    >
      <li
        className="sc-VigVT sc-kkGfuU eScJEz"
      >
        <a
          className="sc-htpNat sc-eHgmQL NzDlN"
          href="/home"
          onClick={[Function]}
        >
          Chirp
        </a>
      </li>
      <li
        className="sc-VigVT sc-kEYyzF iOVsVh"
      >
        <a
          className="sc-htpNat sc-hSdWYo bTLJQz"
          href="/home"
          onClick={[Function]}
        >
          Home
        </a>
      </li>
      <li
        className="sc-VigVT sc-kEYyzF iOVsVh"
      >
        <a
          className="sc-htpNat sc-hSdWYo bTLJQz"
          href="/profile"
          onClick={[Function]}
        >
          Profile
        </a>
      </li>
    </ul>
    <a
      className="sc-htpNat jZGOfu"
      href="/profile"
      onClick={[Function]}
    >
      <img
        alt="profile pic"
        className="sc-iAyFgw bHpxid"
        src="http://capepremierrealty.com/wp-content/uploads/2018/11/generic-profile-icon-7.jpg.png"
      />
    </a>
    <form
      className="sc-bZQynM sc-kpOJdX kcRLgZ"
    >
      <label
        className="sc-jKJlTe hoBmOB"
        htmlFor="search"
      >
        Search
      </label>
      <input
        className="sc-htoDjs sc-dxgOiQ rqkeo"
        id="search"
        readOnly={true}
        type="text"
        value=""
      />
      <label
        className="sc-jKJlTe hoBmOB"
        htmlFor="searchButton"
      />
      <button
        className="sc-dnqmqq sc-ckVGcZ eTcjhr"
        id="searchButton"
      >
        Search
      </button>
    </form>
  </nav>,
  <section>
    <form
      className="sc-bZQynM sc-chPdSV ciquKg"
    >
      <label
        className="sc-gzVnrw ihYwza"
        htmlFor="newChirpText"
      >
        Name
      </label>
      <input
        className="sc-htoDjs sc-kgoBCf gSXxbD"
        id="newChirpText"
        name="newChirpText"
        readOnly={true}
        type="text"
      />
      <label
        className="sc-gzVnrw ihYwza"
        htmlFor="newChirp"
      />
      <button
        className="sc-dnqmqq sc-kGXeez gwOBrv"
        id="newChirp"
      >
        Chirp
      </button>
    </form>
  </section>,
  <main
    className="sc-EHOje dvnEkc"
  >
    <aside
      className="sc-bdVaJa cdPWoN"
    >
      <img
        className="sc-jzJRlG gVHQuV"
        name="profileImage"
        src="http://capepremierrealty.com/wp-content/uploads/2018/11/generic-profile-icon-7.jpg.png"
      />
      <h2>
        Kaiya
         
        <span
          className="sc-cSHVUG crXluK"
        >
          @ladybeard
        </span>
      </h2>
      <p
        className="sc-bwzfXH kQaOVY"
      >
        Fullstack MERN Developer / Animal Lover / Hiker
      </p>
      <p
        className="sc-bwzfXH kQaOVY"
      >
        Portland, OR
      </p>
    </aside>
    <section
      className="sc-fjdhpX caAXUl"
    >
      <ul
        className="sc-gqjmRU hBeZmn"
      >
        <li>
          <article
            className="sc-kAzzGY bSaNbd"
          >
            <header>
              <img
                alt="Kaiya"
                className="sc-jzJRlG gVHQuV"
                src="http://capepremierrealty.com/wp-content/uploads/2018/11/generic-profile-icon-7.jpg.png"
              />
              <h2>
                Kaiya
                 
                <span
                  className="sc-cSHVUG crXluK"
                >
                  @ladybeard
                </span>
              </h2>
            </header>
            <p
              className="sc-jTzLTM bLPztG"
            >
              chirp chirp chirp
            </p>
          </article>
        </li>
        <li>
          <article
            className="sc-kAzzGY bSaNbd"
          >
            <header>
              <img
                alt="Kaiya"
                className="sc-jzJRlG gVHQuV"
                src="http://capepremierrealty.com/wp-content/uploads/2018/11/generic-profile-icon-7.jpg.png"
              />
              <h2>
                Kaiya
                 
                <span
                  className="sc-cSHVUG crXluK"
                >
                  @ladybeard
                </span>
              </h2>
            </header>
            <p
              className="sc-jTzLTM bLPztG"
            >
              chirp chirp chirp
            </p>
          </article>
        </li>
        <li>
          <article
            className="sc-kAzzGY bSaNbd"
          >
            <header>
              <img
                alt="Kaiya"
                className="sc-jzJRlG gVHQuV"
                src="http://capepremierrealty.com/wp-content/uploads/2018/11/generic-profile-icon-7.jpg.png"
              />
              <h2>
                Kaiya
                 
                <span
                  className="sc-cSHVUG crXluK"
                >
                  @ladybeard
                </span>
              </h2>
            </header>
            <p
              className="sc-jTzLTM bLPztG"
            >
              chirp chirp chirp
            </p>
          </article>
        </li>
        <li>
          <article
            className="sc-kAzzGY bSaNbd"
          >
            <header>
              <img
                alt="Kaiya"
                className="sc-jzJRlG gVHQuV"
                src="http://capepremierrealty.com/wp-content/uploads/2018/11/generic-profile-icon-7.jpg.png"
              />
              <h2>
                Kaiya
                 
                <span
                  className="sc-cSHVUG crXluK"
                >
                  @ladybeard
                </span>
              </h2>
            </header>
            <p
              className="sc-jTzLTM bLPztG"
            >
              chirp chirp chirp
            </p>
          </article>
        </li>
        <li>
          <article
            className="sc-kAzzGY bSaNbd"
          >
            <header>
              <img
                alt="Kaiya"
                className="sc-jzJRlG gVHQuV"
                src="http://capepremierrealty.com/wp-content/uploads/2018/11/generic-profile-icon-7.jpg.png"
              />
              <h2>
                Kaiya
                 
                <span
                  className="sc-cSHVUG crXluK"
                >
                  @ladybeard
                </span>
              </h2>
            </header>
            <p
              className="sc-jTzLTM bLPztG"
            >
              chirp chirp chirp
            </p>
          </article>
        </li>
        <li>
          <article
            className="sc-kAzzGY bSaNbd"
          >
            <header>
              <img
                alt="Kaiya"
                className="sc-jzJRlG gVHQuV"
                src="http://capepremierrealty.com/wp-content/uploads/2018/11/generic-profile-icon-7.jpg.png"
              />
              <h2>
                Kaiya
                 
                <span
                  className="sc-cSHVUG crXluK"
                >
                  @ladybeard
                </span>
              </h2>
            </header>
            <p
              className="sc-jTzLTM bLPztG"
            >
              chirp chirp chirp
            </p>
          </article>
        </li>
      </ul>
    </section>
  </main>,
]
`;
