// Jest Snapshot v1, https://goo.gl/fbAQLP

exports[`Signup Snapshot matches a snapshot 1`] = `
Array [
  <header
    className="sc-bwzfXH jdLVsO"
  >
    <h1
      className="sc-htpNat hHwDue"
    >
      Chirp
    </h1>
  </header>,
  <form
    className="sc-ifAKCX coNtEK"
  >
    <label
      className="sc-EHOje kYkHpN"
      htmlFor="name"
    >
      Name
    </label>
    <input
      className="sc-bZQynM hfwKph"
      id="name"
      name="name"
      readOnly={true}
      type="text"
      value="name"
    />
    <label
      className="sc-EHOje kYkHpN"
      htmlFor="handle"
    >
      Chirp Handle
    </label>
    <input
      className="sc-bZQynM hfwKph"
      id="handle"
      name="handle"
      readOnly={true}
      type="text"
      value="handle"
    />
    <label
      className="sc-EHOje kYkHpN"
      htmlFor="location"
    >
      City-and-State
    </label>
    <input
      className="sc-bZQynM hfwKph"
      id="city-and-state"
      name="location"
      readOnly={true}
      type="text"
      value="location"
    />
    <label
      className="sc-EHOje kYkHpN"
      htmlFor="password"
    >
      password
    </label>
    <input
      className="sc-bZQynM hfwKph"
      id="password"
      name="password"
      readOnly={true}
      type="password"
      value="password"
    />
    <label
      className="sc-EHOje kYkHpN"
      htmlFor="sign-up"
    />
    <button
      className="sc-gzVnrw hkbkeK"
      id="sign-up"
    >
      Sign Up
    </button>
  </form>,
]
`;
