// Jest Snapshot v1, https://goo.gl/fbAQLP

exports[`Signup Snapshot matches a snapshot 1`] = `
Array [
  <header
    className="sc-bwzfXH ikzJqp"
  >
    <h1>
      Chirp
    </h1>
  </header>,
  <form
    className="sc-bxivhb dBAuwS"
  >
    <label
      className="sc-ifAKCX hrWLvt"
      htmlFor="name"
    >
      Name
    </label>
    <input
      className="sc-bZQynM dqSVUO"
      id="name"
      name="name"
      readOnly={true}
      type="text"
      value="name"
    />
    <label
      className="sc-ifAKCX hrWLvt"
      htmlFor="handle"
    >
      Chirp Handle
    </label>
    <input
      className="sc-bZQynM dqSVUO"
      id="handle"
      name="handle"
      readOnly={true}
      type="text"
      value="handle"
    />
    <label
      className="sc-ifAKCX hrWLvt"
      htmlFor="password"
    >
      password
    </label>
    <input
      className="sc-bZQynM dqSVUO"
      id="password"
      name="password"
      readOnly={true}
      type="password"
      value="password"
    />
    <label
      className="sc-ifAKCX hrWLvt"
      htmlFor="sign-in"
    />
    <button
      className="sc-gzVnrw ccvAWg"
      id="sign-in"
    >
      Sign In
    </button>
  </form>,
]
`;
