// Jest Snapshot v1, https://goo.gl/fbAQLP

exports[`Tweet component matches a snapshot 1`] = `
<article
  className="sc-kAzzGY bSaNbd"
>
  <header>
    <img
      alt="Kaiya"
      className="sc-gqjmRU hTssrt"
      src="http://cdn.onlinewebfonts.com/svg/img_191958.png"
    />
    <h2>
      Kaiya
       
      <span
        className="sc-jTzLTM bxQZkh"
      >
        @ladybeard
      </span>
    </h2>
  </header>
  <p
    className="sc-jzJRlG fefLBr"
  >
    tweet tweet tweet
  </p>
</article>
`;
