// Jest Snapshot v1, https://goo.gl/fbAQLP

exports[`Tweets component matches a snapshot 1`] = `
<section>
  <ul
    className="sc-iwsKbI dkBjBu"
  >
    <li>
      <article
        className="sc-kGXeez igAvJF"
      >
        <header>
          <img
            className="sc-VigVT ktMhto"
            src="http://cdn.onlinewebfonts.com/svg/img_191958.png"
          />
          <h2>
            Ray
             
            <span
              className="sc-jzJRlG lbLyrw"
            >
              @stingraymond
            </span>
          </h2>
        </header>
        <p
          className="sc-chPdSV kZeSMp"
        >
          tweet tweet tweet
        </p>
      </article>
    </li>
    <li>
      <article
        className="sc-kGXeez igAvJF"
      >
        <header>
          <img
            className="sc-VigVT ktMhto"
            src="http://cdn.onlinewebfonts.com/svg/img_191958.png"
          />
          <h2>
            Kaiya
             
            <span
              className="sc-jzJRlG lbLyrw"
            >
              @ladybeard
            </span>
          </h2>
        </header>
        <p
          className="sc-chPdSV kZeSMp"
        >
          tweet tweet tweet
        </p>
      </article>
    </li>
    <li>
      <article
        className="sc-kGXeez igAvJF"
      >
        <header>
          <img
            className="sc-VigVT ktMhto"
            src="http://cdn.onlinewebfonts.com/svg/img_191958.png"
          />
          <h2>
            Randy
             
            <span
              className="sc-jzJRlG lbLyrw"
            >
              @randyroute
            </span>
          </h2>
        </header>
        <p
          className="sc-chPdSV kZeSMp"
        >
          tweet tweet tweet
        </p>
      </article>
    </li>
  </ul>
</section>
`;
