// Jest Snapshot v1, https://goo.gl/fbAQLP

exports[`UserDetails component matches a snapshot 1`] = `
<styled.aside>
  <Styled(styled.img)
    name="profileImage"
    src="http://capepremierrealty.com/wp-content/uploads/2018/11/generic-profile-icon-7.jpg.png"
  />
  <h2>
    Kaiya
     
    <styled.span>
      @ladybeard
    </styled.span>
  </h2>
  <styled.p>
    Fullstack MERN Developer / Animal Lover / Hiker
  </styled.p>
  <styled.p>
    Portland, OR
  </styled.p>
</styled.aside>
`;
