// Jest Snapshot v1, https://goo.gl/fbAQLP

exports[`UserDetails component matches a snapshot 1`] = `
<aside
  className="sc-VigVT bGQLkE"
>
  <img
    className="sc-fjdhpX dbHkHM"
    name="bannerImage"
    src="https://upload.wikimedia.org/wikipedia/commons/b/bc/Saddle_tor_to_Hey_tor_pano.jpg"
  />
  <img
    className="sc-jTzLTM fkBueS"
    name="profileImage"
    src="http://capepremierrealty.com/wp-content/uploads/2018/11/generic-profile-icon-7.jpg.png"
  />
  <h2>
    Kaiya
     
    <span
      className="sc-cSHVUG crXluK"
    >
      @ladybeard
    </span>
  </h2>
  <p
    className="sc-kAzzGY sc-chPdSV dLxFcj"
  >
    Fullstack MERN Developer / Animal Lover / Hiker
  </p>
</aside>
`;
