// Jest Snapshot v1, https://goo.gl/fbAQLP

exports[`UserDetails component matches a snapshot 1`] = `
<aside
  className="sc-bdVaJa cdPWoN"
>
  <img
    className="sc-jzJRlG gVHQuV"
    name="profileImage"
    src="http://capepremierrealty.com/wp-content/uploads/2018/11/generic-profile-icon-7.jpg.png"
  />
  <h2>
    Kaiya
     
    <span
      className="sc-cSHVUG crXluK"
    >
      @ladybeard
    </span>
  </h2>
  <p
    className="sc-bwzfXH kQaOVY"
  >
    Fullstack MERN Developer / Animal Lover / Hiker
  </p>
  <p
    className="sc-bwzfXH kQaOVY"
  />
</aside>
`;
