// Jest Snapshot v1, https://goo.gl/fbAQLP

exports[`Login matches a snapshot 1`] = `
<main>
  <section>
    <h2>
      Already a user?
    </h2>
    <figure>
      <img
        alt="user avatar"
        src="image"
      />
    </figure>
    <form>
      <label>
        Username or email
      </label>
      <input
        type="text"
        value="handle"
      />
      <label>
        Password
      </label>
      <input
        type="text"
        value="password"
      />
      <button>
        Tweet
      </button>
    </form>
  </section>
  <section>
    <h2>
      Sign Up
    </h2>
    <figure>
      <img
        alt="user avatar"
        src="https://pbs.twimg.com/media/C8QsNInXUAAyjZQ.jpg"
      />
    </figure>
    <form>
      <label>
        Username
      </label>
      <input
        type="text"
      />
      <label>
        Email
      </label>
      <input
        type="text"
      />
      <label>
        Password
      </label>
      <input
        type="text"
      />
      <label>
        Re-enter Password
      </label>
      <input
        type="text"
      />
    </form>
  </section>
</main>
`;
